Archive member included to satisfy reference by file (symbol)

.\CortexM3\ARM_GCC_541\Debug\BusAnalyzer.a(CyLib.o)
                              .\CortexM3\ARM_GCC_541\Debug\Cm3Start.o (CyHalt)
.\CortexM3\ARM_GCC_541\Debug\BusAnalyzer.a(cyPm.o)
                              .\CortexM3\ARM_GCC_541\Debug\BusAnalyzer.a(CyLib.o) (CyPmReadStatus)
.\CortexM3\ARM_GCC_541\Debug\BusAnalyzer.a(Data.o)
                              .\CortexM3\ARM_GCC_541\Debug\main.o (Data_Write)
.\CortexM3\ARM_GCC_541\Debug\BusAnalyzer.a(Addr_LSB.o)
                              .\CortexM3\ARM_GCC_541\Debug\main.o (Addr_LSB_Read)
.\CortexM3\ARM_GCC_541\Debug\BusAnalyzer.a(UART.o)
                              .\CortexM3\ARM_GCC_541\Debug\main.o (UART_Start)
.\CortexM3\ARM_GCC_541\Debug\BusAnalyzer.a(Clock_Ctrl.o)
                              .\CortexM3\ARM_GCC_541\Debug\main.o (Clock_Ctrl_Write)
.\CortexM3\ARM_GCC_541\Debug\BusAnalyzer.a(UART_IntClock.o)
                              .\CortexM3\ARM_GCC_541\Debug\BusAnalyzer.a(UART.o) (UART_IntClock_Start)
.\CortexM3\ARM_GCC_541\Debug\BusAnalyzer.a(Ctrl_M1.o)
                              .\CortexM3\ARM_GCC_541\Debug\main.o (Ctrl_M1_Read)
.\CortexM3\ARM_GCC_541\Debug\BusAnalyzer.a(Ctrl_RD.o)
                              .\CortexM3\ARM_GCC_541\Debug\main.o (Ctrl_RD_Read)
.\CortexM3\ARM_GCC_541\Debug\BusAnalyzer.a(Ctrl_WR.o)
                              .\CortexM3\ARM_GCC_541\Debug\main.o (Ctrl_WR_Read)
.\CortexM3\ARM_GCC_541\Debug\BusAnalyzer.a(Ctrl_MREQ.o)
                              .\CortexM3\ARM_GCC_541\Debug\main.o (Ctrl_MREQ_Read)
.\CortexM3\ARM_GCC_541\Debug\BusAnalyzer.a(isr_1.o)
                              .\CortexM3\ARM_GCC_541\Debug\main.o (isr_1_StartEx)
.\CortexM3\ARM_GCC_541\Debug\BusAnalyzer.a(isr_2.o)
                              .\CortexM3\ARM_GCC_541\Debug\main.o (isr_2_StartEx)
.\CortexM3\ARM_GCC_541\Debug\BusAnalyzer.a(CyBootAsmGnu.o)
                              .\CortexM3\ARM_GCC_541\Debug\cyfitter_cfg.o (CyDelayCycles)
.\CortexM3\ARM_GCC_541\Debug\BusAnalyzer.a(CyFlash.o)
                              .\CortexM3\ARM_GCC_541\Debug\BusAnalyzer.a(cyPm.o) (CyFlash_SetWaitCycles)
.\CortexM3\ARM_GCC_541\Debug\BusAnalyzer.a(CySpc.o)
                              .\CortexM3\ARM_GCC_541\Debug\BusAnalyzer.a(CyFlash.o) (CySpcStart)
c:/program files (x86)/cypress/psoc creator/4.4/psoc creator/import/gnu/arm/5.4.1/bin/../lib/gcc/arm-none-eabi/5.4.1/../../../../arm-none-eabi/lib/armv7-m\libg_nano.a(lib_a-errno.o)
                              .\CortexM3\ARM_GCC_541\Debug\Cm3Start.o (__errno)
c:/program files (x86)/cypress/psoc creator/4.4/psoc creator/import/gnu/arm/5.4.1/bin/../lib/gcc/arm-none-eabi/5.4.1/../../../../arm-none-eabi/lib/armv7-m\libg_nano.a(lib_a-exit.o)
                              c:/program files (x86)/cypress/psoc creator/4.4/psoc creator/import/gnu/arm/5.4.1/bin/../lib/gcc/arm-none-eabi/5.4.1/../../../../arm-none-eabi/lib/armv7-m/crt0.o (exit)
c:/program files (x86)/cypress/psoc creator/4.4/psoc creator/import/gnu/arm/5.4.1/bin/../lib/gcc/arm-none-eabi/5.4.1/../../../../arm-none-eabi/lib/armv7-m\libg_nano.a(lib_a-impure.o)
                              c:/program files (x86)/cypress/psoc creator/4.4/psoc creator/import/gnu/arm/5.4.1/bin/../lib/gcc/arm-none-eabi/5.4.1/../../../../arm-none-eabi/lib/armv7-m\libg_nano.a(lib_a-exit.o) (_global_impure_ptr)
c:/program files (x86)/cypress/psoc creator/4.4/psoc creator/import/gnu/arm/5.4.1/bin/../lib/gcc/arm-none-eabi/5.4.1/../../../../arm-none-eabi/lib/armv7-m\libg_nano.a(lib_a-init.o)
                              c:/program files (x86)/cypress/psoc creator/4.4/psoc creator/import/gnu/arm/5.4.1/bin/../lib/gcc/arm-none-eabi/5.4.1/../../../../arm-none-eabi/lib/armv7-m/crt0.o (__libc_init_array)
c:/program files (x86)/cypress/psoc creator/4.4/psoc creator/import/gnu/arm/5.4.1/bin/../lib/gcc/arm-none-eabi/5.4.1/../../../../arm-none-eabi/lib/armv7-m\libg_nano.a(lib_a-memcpy-stub.o)
                              .\CortexM3\ARM_GCC_541\Debug\cyfitter_cfg.o (memcpy)
c:/program files (x86)/cypress/psoc creator/4.4/psoc creator/import/gnu/arm/5.4.1/bin/../lib/gcc/arm-none-eabi/5.4.1/../../../../arm-none-eabi/lib/armv7-m\libg_nano.a(lib_a-memset.o)
                              c:/program files (x86)/cypress/psoc creator/4.4/psoc creator/import/gnu/arm/5.4.1/bin/../lib/gcc/arm-none-eabi/5.4.1/../../../../arm-none-eabi/lib/armv7-m/crt0.o (memset)
c:/program files (x86)/cypress/psoc creator/4.4/psoc creator/import/gnu/arm/5.4.1/bin/../lib/gcc/arm-none-eabi/5.4.1/../../../../arm-none-eabi/lib/armv7-m\libg_nano.a(lib_a-sprintf.o)
                              .\CortexM3\ARM_GCC_541\Debug\main.o (sprintf)
c:/program files (x86)/cypress/psoc creator/4.4/psoc creator/import/gnu/arm/5.4.1/bin/../lib/gcc/arm-none-eabi/5.4.1/../../../../arm-none-eabi/lib/armv7-m\libg_nano.a(lib_a-strlen.o)
                              .\CortexM3\ARM_GCC_541\Debug\main.o (strlen)
[...]
Memory Configuration

Name             Origin             Length             Attributes
rom              0x00000000         0x00040000         xr
ram              0x1fff8000         0x00010000         xrw
*default*        0x00000000         0xffffffff

Linker script and memory map

LOAD c:/program files (x86)/cypress/psoc creator/4.4/psoc creator/import/gnu/arm/5.4.1/bin/../lib/gcc/arm-none-eabi/5.4.1/armv7-m/crti.o
LOAD c:/program files (x86)/cypress/psoc creator/4.4/psoc creator/import/gnu/arm/5.4.1/bin/../lib/gcc/arm-none-eabi/5.4.1/armv7-m/crtbegin.o
LOAD c:/program files (x86)/cypress/psoc creator/4.4/psoc creator/import/gnu/arm/5.4.1/bin/../lib/gcc/arm-none-eabi/5.4.1/../../../../arm-none-eabi/lib/armv7-m/crt0.o
START GROUP
LOAD .\CortexM3\ARM_GCC_541\Debug\main.o
LOAD .\CortexM3\ARM_GCC_541\Debug\cyfitter_cfg.o
LOAD .\CortexM3\ARM_GCC_541\Debug\cymetadata.o
LOAD .\CortexM3\ARM_GCC_541\Debug\Cm3Start.o
LOAD .\CortexM3\ARM_GCC_541\Debug\BusAnalyzer.a
LOAD C:\Program Files (x86)\Cypress\PSoC Creator\4.4\PSoC Creator\psoc\content\cycomponentlibrary\CyComponentLibrary.cylib\CortexM3\ARM_GCC_541\Debug\CyComponentLibrary.a
END GROUP
START GROUP
LOAD c:/program files (x86)/cypress/psoc creator/4.4/psoc creator/import/gnu/arm/5.4.1/bin/../lib/gcc/arm-none-eabi/5.4.1/armv7-m\libgcc.a
LOAD c:/program files (x86)/cypress/psoc creator/4.4/psoc creator/import/gnu/arm/5.4.1/bin/../lib/gcc/arm-none-eabi/5.4.1/../../../../arm-none-eabi/lib/armv7-m\libg_nano.a
LOAD c:/program files (x86)/cypress/psoc creator/4.4/psoc creator/import/gnu/arm/5.4.1/bin/../lib/gcc/arm-none-eabi/5.4.1/../../../../arm-none-eabi/lib/armv7-m\libc_nano.a
END GROUP
START GROUP
LOAD c:/program files (x86)/cypress/psoc creator/4.4/psoc creator/import/gnu/arm/5.4.1/bin/../lib/gcc/arm-none-eabi/5.4.1/armv7-m\libgcc.a
LOAD c:/program files (x86)/cypress/psoc creator/4.4/psoc creator/import/gnu/arm/5.4.1/bin/../lib/gcc/arm-none-eabi/5.4.1/../../../../arm-none-eabi/lib/armv7-m\libc_nano.a
END GROUP
LOAD c:/program files (x86)/cypress/psoc creator/4.4/psoc creator/import/gnu/arm/5.4.1/bin/../lib/gcc/arm-none-eabi/5.4.1/armv7-m/crtend.o
LOAD c:/program files (x86)/cypress/psoc creator/4.4/psoc creator/import/gnu/arm/5.4.1/bin/../lib/gcc/arm-none-eabi/5.4.1/armv7-m/crtn.o
START GROUP
LOAD c:/program files (x86)/cypress/psoc creator/4.4/psoc creator/import/gnu/arm/5.4.1/bin/../lib/gcc/arm-none-eabi/5.4.1/armv7-m\libgcc.a
LOAD c:/program files (x86)/cypress/psoc creator/4.4/psoc creator/import/gnu/arm/5.4.1/bin/../lib/gcc/arm-none-eabi/5.4.1/../../../../arm-none-eabi/lib/armv7-m\libc.a
LOAD c:/program files (x86)/cypress/psoc creator/4.4/psoc creator/import/gnu/arm/5.4.1/bin/../lib/gcc/arm-none-eabi/5.4.1/../../../../arm-none-eabi/lib/armv7-m\libnosys.a
END GROUP
                0x00000000                CY_APPL_ORIGIN = 0x0
                0x00000100                CY_FLASH_ROW_SIZE = 0x100
                0x00000020                CY_ECC_ROW_SIZE = 0x20
                0x00000000                CY_EE_IN_BTLDR = 0x0
                0x00000000                CY_APPL_LOADABLE = 0x0
                0x00000800                CY_EE_SIZE = 0x800
                0x00000001                CY_APPL_NUM = 0x1
                0x00000001                CY_APPL_MAX = 0x1
                0x00000040                CY_METADATA_SIZE = 0x40
                0x00000000                CY_APPL_LOADABLE = 0x0
                0x00000000                CY_CHECKSUM_EXCLUDE_SIZE = ALIGN (0x0, CY_FLASH_ROW_SIZE)
                [!provide]                PROVIDE (__cy_heap_start, _end)
                0x00000001                PROVIDE (__cy_region_num, ((__cy_regions_end - __cy_regions) / 0x10))
                0x20008000                PROVIDE (__cy_stack, (ORIGIN (ram) + LENGTH (ram)))
                [!provide]                PROVIDE (__cy_heap_end, (__cy_stack - 0x800))

.cybootloader   0x00000000        0x0
 *(.cybootloader)
                0x00000000                appl1_start = CY_APPL_ORIGIN?CY_APPL_ORIGIN:ALIGN (CY_FLASH_ROW_SIZE)
                0x0001ff00                appl2_start = (appl1_start + ALIGN ((((LENGTH (rom) - appl1_start) - (0x2 * CY_FLASH_ROW_SIZE)) / 0x2), CY_FLASH_ROW_SIZE))
                0x00000000                appl_start = (CY_APPL_NUM == 0x1)?appl1_start:appl2_start
                0x00000000                ecc_offset = ((appl_start / CY_FLASH_ROW_SIZE) * CY_ECC_ROW_SIZE)
                0x00000000                ee_offset = (CY_APPL_LOADABLE && ! (CY_EE_IN_BTLDR))?((CY_EE_SIZE / CY_APPL_MAX) * (CY_APPL_NUM - 0x1)):0x0
                0x00000800                ee_size = (CY_APPL_LOADABLE && ! (CY_EE_IN_BTLDR))?(CY_EE_SIZE / CY_APPL_MAX):CY_EE_SIZE
                [!provide]                PROVIDE (CY_ECC_OFFSET, ecc_offset)

.text           0x00000000     0x10c0
 CREATE_OBJECT_SYMBOLS
                0x00000000                PROVIDE (__cy_interrupt_vector, RomVectors)
 *(.romvectors)
 .romvectors    0x00000000       0x10 .\CortexM3\ARM_GCC_541\Debug\Cm3Start.o
                0x00000000                RomVectors
                0x00000001                ASSERT ((. != __cy_interrupt_vector), No interrupt vector)
                0x00000001                ASSERT (CY_APPL_ORIGIN?(SIZEOF (.cybootloader) <= CY_APPL_ORIGIN):0x1, Wrong image location)
                0x00000010                PROVIDE (__cy_reset, Reset)
 *(.text.Reset)
 .text.Reset    0x00000010       0x18 .\CortexM3\ARM_GCC_541\Debug\Cm3Start.o
                0x00000010                Reset
                0x00000001                ASSERT ((. != __cy_reset), No reset code)
 *(.dma_init)
                0x00000001                ASSERT ((((appl_start + .) <= 0x10000) || 0x1), DMA Init must be within the first 64k of flash)
 *(.text .text.* .gnu.linkonce.t.*)
 .text          0x00000028       0x5c c:/program files (x86)/cypress/psoc creator/4.4/psoc creator/import/gnu/arm/5.4.1/bin/../lib/gcc/arm-none-eabi/5.4.1/armv7-m/crtbegin.o
 .text.Clock_ISR
                0x00000084        0xc .\CortexM3\ARM_GCC_541\Debug\main.o
                0x00000084                Clock_ISR
 .text.UART_RX_ISR
                0x00000090       0x34 .\CortexM3\ARM_GCC_541\Debug\main.o
                0x00000090                UART_RX_ISR
 .text.main     0x000000c4      0x174 .\CortexM3\ARM_GCC_541\Debug\main.o
                0x000000c4                main
 .text.CyClockStartupError
                0x00000238        0x4 .\CortexM3\ARM_GCC_541\Debug\cyfitter_cfg.o
 .text.cfg_write_bytes32
                0x0000023c       0x34 .\CortexM3\ARM_GCC_541\Debug\cyfitter_cfg.o
 .text.AnalogSetDefault
                0x00000270       0x28 .\CortexM3\ARM_GCC_541\Debug\cyfitter_cfg.o
 .text.CYMEMZERO
                0x00000298        0xc .\CortexM3\ARM_GCC_541\Debug\cyfitter_cfg.o
 .text.ClockSetup
                0x000002a4       0xc0 .\CortexM3\ARM_GCC_541\Debug\cyfitter_cfg.o
 .text.CYCONFIGCPY
                0x00000364        0x8 .\CortexM3\ARM_GCC_541\Debug\cyfitter_cfg.o
 .text.cyfitter_cfg
                0x0000036c      0x114 .\CortexM3\ARM_GCC_541\Debug\cyfitter_cfg.o
                0x0000036c                cyfitter_cfg
 .text.IntDefaultHandler
                0x00000480       0x10 .\CortexM3\ARM_GCC_541\Debug\Cm3Start.o
                0x00000480                IntDefaultHandler
 .text._sbrk    0x00000490       0x30 .\CortexM3\ARM_GCC_541\Debug\Cm3Start.o
                0x00000490                _sbrk
 .text.Start_c  0x000004c0       0x4c .\CortexM3\ARM_GCC_541\Debug\Cm3Start.o
                0x000004c0                Start_c
 .text.initialize_psoc
                0x0000050c       0x68 .\CortexM3\ARM_GCC_541\Debug\Cm3Start.o
                0x0000050c                initialize_psoc
 .text.CyDelay  0x00000574       0x2c .\CortexM3\ARM_GCC_541\Debug\BusAnalyzer.a(CyLib.o)
                0x00000574                CyDelay
 .text.Data_Write
                0x000005a0        0xc .\CortexM3\ARM_GCC_541\Debug\BusAnalyzer.a(Data.o)
                0x000005a0                Data_Write
 .text.Data_Read
                0x000005ac        0xc .\CortexM3\ARM_GCC_541\Debug\BusAnalyzer.a(Data.o)
                0x000005ac                Data_Read
 .text.Addr_LSB_Read
                0x000005b8        0xc .\CortexM3\ARM_GCC_541\Debug\BusAnalyzer.a(Addr_LSB.o)
                0x000005b8                Addr_LSB_Read
 .text.UART_Init
                0x000005c4       0x24 .\CortexM3\ARM_GCC_541\Debug\BusAnalyzer.a(UART.o)
                0x000005c4                UART_Init
 .text.UART_Enable
                0x000005e8       0x38 .\CortexM3\ARM_GCC_541\Debug\BusAnalyzer.a(UART.o)
                0x000005e8                UART_Enable
 .text.UART_Start
                0x00000620       0x1c .\CortexM3\ARM_GCC_541\Debug\BusAnalyzer.a(UART.o)
                0x00000620                UART_Start
 .text.UART_GetChar
                0x0000063c       0x2c .\CortexM3\ARM_GCC_541\Debug\BusAnalyzer.a(UART.o)
                0x0000063c                UART_GetChar
 .text.UART_PutChar
                0x00000668       0x18 .\CortexM3\ARM_GCC_541\Debug\BusAnalyzer.a(UART.o)
                0x00000668                UART_PutChar
 .text.UART_PutString
                0x00000680       0x24 .\CortexM3\ARM_GCC_541\Debug\BusAnalyzer.a(UART.o)
                0x00000680                UART_PutString
 .text.Clock_Ctrl_Write
                0x000006a4        0xc .\CortexM3\ARM_GCC_541\Debug\BusAnalyzer.a(Clock_Ctrl.o)
                0x000006a4                Clock_Ctrl_Write
 .text.UART_IntClock_Start
                0x000006b0       0x1c .\CortexM3\ARM_GCC_541\Debug\BusAnalyzer.a(UART_IntClock.o)
                0x000006b0                UART_IntClock_Start
 .text.Ctrl_M1_Read
                0x000006cc       0x10 .\CortexM3\ARM_GCC_541\Debug\BusAnalyzer.a(Ctrl_M1.o)
                0x000006cc                Ctrl_M1_Read
 .text.Ctrl_RD_Read
                0x000006dc       0x10 .\CortexM3\ARM_GCC_541\Debug\BusAnalyzer.a(Ctrl_RD.o)
                0x000006dc                Ctrl_RD_Read
 .text.Ctrl_WR_Read
                0x000006ec       0x10 .\CortexM3\ARM_GCC_541\Debug\BusAnalyzer.a(Ctrl_WR.o)
                0x000006ec                Ctrl_WR_Read
 .text.Ctrl_MREQ_Read
                0x000006fc       0x10 .\CortexM3\ARM_GCC_541\Debug\BusAnalyzer.a(Ctrl_MREQ.o)
                0x000006fc                Ctrl_MREQ_Read
 .text.isr_1_SetVector
                0x0000070c        0xc .\CortexM3\ARM_GCC_541\Debug\BusAnalyzer.a(isr_1.o)
                0x0000070c                isr_1_SetVector
 .text.isr_1_SetPriority
                0x00000718       0x10 .\CortexM3\ARM_GCC_541\Debug\BusAnalyzer.a(isr_1.o)
                0x00000718                isr_1_SetPriority
 .text.isr_1_Enable
                0x00000728        0xc .\CortexM3\ARM_GCC_541\Debug\BusAnalyzer.a(isr_1.o)
                0x00000728                isr_1_Enable
 .text.isr_1_Disable
                0x00000734        0xc .\CortexM3\ARM_GCC_541\Debug\BusAnalyzer.a(isr_1.o)
                0x00000734                isr_1_Disable
 .text.isr_1_StartEx
                0x00000740       0x1c .\CortexM3\ARM_GCC_541\Debug\BusAnalyzer.a(isr_1.o)
                0x00000740                isr_1_StartEx
 .text.isr_1_ClearPending
                0x0000075c        0xc .\CortexM3\ARM_GCC_541\Debug\BusAnalyzer.a(isr_1.o)
                0x0000075c                isr_1_ClearPending
 .text.isr_2_SetVector
                0x00000768        0xc .\CortexM3\ARM_GCC_541\Debug\BusAnalyzer.a(isr_2.o)
                0x00000768                isr_2_SetVector
 .text.isr_2_SetPriority
                0x00000774       0x10 .\CortexM3\ARM_GCC_541\Debug\BusAnalyzer.a(isr_2.o)
                0x00000774                isr_2_SetPriority
 .text.isr_2_Enable
                0x00000784        0xc .\CortexM3\ARM_GCC_541\Debug\BusAnalyzer.a(isr_2.o)
                0x00000784                isr_2_Enable
 .text.isr_2_Disable
                0x00000790        0xc .\CortexM3\ARM_GCC_541\Debug\BusAnalyzer.a(isr_2.o)
                0x00000790                isr_2_Disable
 .text.isr_2_StartEx
                0x0000079c       0x1c .\CortexM3\ARM_GCC_541\Debug\BusAnalyzer.a(isr_2.o)
                0x0000079c                isr_2_StartEx
 .text.isr_2_ClearPending
                0x000007b8        0xc .\CortexM3\ARM_GCC_541\Debug\BusAnalyzer.a(isr_2.o)
                0x000007b8                isr_2_ClearPending
 *fill*         0x000007c4        0x4 
 .text          0x000007c8       0x20 .\CortexM3\ARM_GCC_541\Debug\BusAnalyzer.a(CyBootAsmGnu.o)
                0x000007c8                CyDelayCycles
                0x000007d8                CyEnterCriticalSection
                0x000007e0                CyExitCriticalSection
 .text.__errno  0x000007e8        0xc c:/program files (x86)/cypress/psoc creator/4.4/psoc creator/import/gnu/arm/5.4.1/bin/../lib/gcc/arm-none-eabi/5.4.1/../../../../arm-none-eabi/lib/armv7-m\libg_nano.a(lib_a-errno.o)
                0x000007e8                __errno
 .text.__libc_init_array
                0x000007f4       0x4c c:/program files (x86)/cypress/psoc creator/4.4/psoc creator/import/gnu/arm/5.4.1/bin/../lib/gcc/arm-none-eabi/5.4.1/../../../../arm-none-eabi/lib/armv7-m\libg_nano.a(lib_a-init.o)
                0x000007f4                __libc_init_array
 .text.memcpy   0x00000840       0x16 c:/program files (x86)/cypress/psoc creator/4.4/psoc creator/import/gnu/arm/5.4.1/bin/../lib/gcc/arm-none-eabi/5.4.1/../../../../arm-none-eabi/lib/armv7-m\libg_nano.a(lib_a-memcpy-stub.o)
                0x00000840                memcpy
 .text.memset   0x00000856       0x10 c:/program files (x86)/cypress/psoc creator/4.4/psoc creator/import/gnu/arm/5.4.1/bin/../lib/gcc/arm-none-eabi/5.4.1/../../../../arm-none-eabi/lib/armv7-m\libg_nano.a(lib_a-memset.o)
                0x00000856                memset
 *fill*         0x00000866        0x2 
 .text.sprintf  0x00000868       0x48 c:/program files (x86)/cypress/psoc creator/4.4/psoc creator/import/gnu/arm/5.4.1/bin/../lib/gcc/arm-none-eabi/5.4.1/../../../../arm-none-eabi/lib/armv7-m\libg_nano.a(lib_a-sprintf.o)
                0x00000868                siprintf
                0x00000868                sprintf
 .text          0x000008b0       0x10 c:/program files (x86)/cypress/psoc creator/4.4/psoc creator/import/gnu/arm/5.4.1/bin/../lib/gcc/arm-none-eabi/5.4.1/../../../../arm-none-eabi/lib/armv7-m\libg_nano.a(lib_a-strlen.o)
                0x000008b0                strlen
 .text.__ssputs_r
                0x000008c0       0xb2 c:/program files (x86)/cypress/psoc creator/4.4/psoc creator/import/gnu/arm/5.4.1/bin/../lib/gcc/arm-none-eabi/5.4.1/../../../../arm-none-eabi/lib/armv7-m\libg_nano.a(lib_a-nano-svfprintf.o)
                0x000008c0                __ssputs_r
 *fill*         0x00000972        0x2 
 .text._svfprintf_r
                0x00000974      0x1e8 c:/program files (x86)/cypress/psoc creator/4.4/psoc creator/import/gnu/arm/5.4.1/bin/../lib/gcc/arm-none-eabi/5.4.1/../../../../arm-none-eabi/lib/armv7-m\libg_nano.a(lib_a-nano-svfprintf.o)
                0x00000974                _svfiprintf_r
                0x00000974                _svfprintf_r
 .text._printf_common
                0x00000b5c       0xec c:/program files (x86)/cypress/psoc creator/4.4/psoc creator/import/gnu/arm/5.4.1/bin/../lib/gcc/arm-none-eabi/5.4.1/../../../../arm-none-eabi/lib/armv7-m\libg_nano.a(lib_a-nano-vfprintf_i.o)
                0x00000b5c                _printf_common
 .text._printf_i
                0x00000c48      0x24c c:/program files (x86)/cypress/psoc creator/4.4/psoc creator/import/gnu/arm/5.4.1/bin/../lib/gcc/arm-none-eabi/5.4.1/../../../../arm-none-eabi/lib/armv7-m\libg_nano.a(lib_a-nano-vfprintf_i.o)
                0x00000c48                _printf_i
 .text.memchr   0x00000e94       0x1c c:/program files (x86)/cypress/psoc creator/4.4/psoc creator/import/gnu/arm/5.4.1/bin/../lib/gcc/arm-none-eabi/5.4.1/../../../../arm-none-eabi/lib/armv7-m\libg_nano.a(lib_a-memchr-stub.o)
                0x00000e94                memchr
 .text.memmove  0x00000eb0       0x36 c:/program files (x86)/cypress/psoc creator/4.4/psoc creator/import/gnu/arm/5.4.1/bin/../lib/gcc/arm-none-eabi/5.4.1/../../../../arm-none-eabi/lib/armv7-m\libg_nano.a(lib_a-memmove.o)
                0x00000eb0                memmove
 *fill*         0x00000ee6        0x2 
 .text._free_r  0x00000ee8       0x98 c:/program files (x86)/cypress/psoc creator/4.4/psoc creator/import/gnu/arm/5.4.1/bin/../lib/gcc/arm-none-eabi/5.4.1/../../../../arm-none-eabi/lib/armv7-m\libg_nano.a(lib_a-nano-freer.o)
                0x00000ee8                _free_r
 .text._malloc_r
                0x00000f80       0xbc c:/program files (x86)/cypress/psoc creator/4.4/psoc creator/import/gnu/arm/5.4.1/bin/../lib/gcc/arm-none-eabi/5.4.1/../../../../arm-none-eabi/lib/armv7-m\libg_nano.a(lib_a-nano-mallocr.o)
                0x00000f80                _malloc_r
 .text._realloc_r
                0x0000103c       0x4c c:/program files (x86)/cypress/psoc creator/4.4/psoc creator/import/gnu/arm/5.4.1/bin/../lib/gcc/arm-none-eabi/5.4.1/../../../../arm-none-eabi/lib/armv7-m\libg_nano.a(lib_a-nano-reallocr.o)
                0x0000103c                _realloc_r
 .text._sbrk_r  0x00001088       0x20 c:/program files (x86)/cypress/psoc creator/4.4/psoc creator/import/gnu/arm/5.4.1/bin/../lib/gcc/arm-none-eabi/5.4.1/../../../../arm-none-eabi/lib/armv7-m\libg_nano.a(lib_a-sbrkr.o)
                0x00001088                _sbrk_r
 .text.__malloc_lock
                0x000010a8        0x2 c:/program files (x86)/cypress/psoc creator/4.4/psoc creator/import/gnu/arm/5.4.1/bin/../lib/gcc/arm-none-eabi/5.4.1/../../../../arm-none-eabi/lib/armv7-m\libg_nano.a(lib_a-mlock.o)
                0x000010a8                __malloc_lock
 .text.__malloc_unlock
                0x000010aa        0x2 c:/program files (x86)/cypress/psoc creator/4.4/psoc creator/import/gnu/arm/5.4.1/bin/../lib/gcc/arm-none-eabi/5.4.1/../../../../arm-none-eabi/lib/armv7-m\libg_nano.a(lib_a-mlock.o)
                0x000010aa                __malloc_unlock
 .text._malloc_usable_size_r
                0x000010ac       0x14 c:/program files (x86)/cypress/psoc creator/4.4/psoc creator/import/gnu/arm/5.4.1/bin/../lib/gcc/arm-none-eabi/5.4.1/../../../../arm-none-eabi/lib/armv7-m\libg_nano.a(lib_a-nano-msizer.o)
                0x000010ac                _malloc_usable_size_r
 *(.plt)
 *(.gnu.warning)
 *(.glue_7t)
 .glue_7t       0x000010c0        0x0 linker stubs
 *(.glue_7)
 .glue_7        0x000010c0        0x0 linker stubs
 *(.vfp11_veneer)
 .vfp11_veneer  0x000010c0        0x0 linker stubs
 *(.bootloader)
 *(.ARM.extab* .gnu.linkonce.armextab.*)
 *(.gcc_except_table)

.v4_bx          0x000010c0        0x0
 .v4_bx         0x000010c0        0x0 linker stubs

.iplt           0x000010c0        0x0
 .iplt          0x000010c0        0x0 c:/program files (x86)/cypress/psoc creator/4.4/psoc creator/import/gnu/arm/5.4.1/bin/../lib/gcc/arm-none-eabi/5.4.1/armv7-m/crtbegin.o

.eh_frame_hdr
 *(.eh_frame_hdr)

.eh_frame       0x000010c0        0x4
 *(.eh_frame)
 .eh_frame      0x000010c0        0x0 c:/program files (x86)/cypress/psoc creator/4.4/psoc creator/import/gnu/arm/5.4.1/bin/../lib/gcc/arm-none-eabi/5.4.1/armv7-m/crtbegin.o
 .eh_frame      0x000010c0        0x4 c:/program files (x86)/cypress/psoc creator/4.4/psoc creator/import/gnu/arm/5.4.1/bin/../lib/gcc/arm-none-eabi/5.4.1/armv7-m/crtend.o
                [!provide]                PROVIDE (__exidx_start, .)

.ARM.exidx
 *(.ARM.exidx* .gnu.linkonce.armexidx.*)
                0x000010c4                __exidx_end = .

.rodata         0x000010c4      0x174
 *(.rodata .rodata.* .gnu.linkonce.r.*)
 .rodata.str1.4
                0x000010c4       0xd4 .\CortexM3\ARM_GCC_541\Debug\main.o
                                 0xd3 (size before relaxing)
 .rodata        0x00001198       0x36 .\CortexM3\ARM_GCC_541\Debug\cyfitter_cfg.o
 .rodata.str1.1
                0x000011ce        0x2 c:/program files (x86)/cypress/psoc creator/4.4/psoc creator/import/gnu/arm/5.4.1/bin/../lib/gcc/arm-none-eabi/5.4.1/../../../../arm-none-eabi/lib/armv7-m\libg_nano.a(lib_a-impure.o)
 .rodata.str1.1
                0x000011d0       0x11 c:/program files (x86)/cypress/psoc creator/4.4/psoc creator/import/gnu/arm/5.4.1/bin/../lib/gcc/arm-none-eabi/5.4.1/../../../../arm-none-eabi/lib/armv7-m\libg_nano.a(lib_a-nano-svfprintf.o)
 .rodata.str1.1
                0x000011e1       0x22 c:/program files (x86)/cypress/psoc creator/4.4/psoc creator/import/gnu/arm/5.4.1/bin/../lib/gcc/arm-none-eabi/5.4.1/../../../../arm-none-eabi/lib/armv7-m\libg_nano.a(lib_a-nano-vfprintf_i.o)
                0x00001204                . = ALIGN (0x4)
 *fill*         0x00001203        0x1 
 *(.init)
 .init          0x00001204        0x4 c:/program files (x86)/cypress/psoc creator/4.4/psoc creator/import/gnu/arm/5.4.1/bin/../lib/gcc/arm-none-eabi/5.4.1/armv7-m/crti.o
                0x00001204                _init
 .init          0x00001208        0x8 c:/program files (x86)/cypress/psoc creator/4.4/psoc creator/import/gnu/arm/5.4.1/bin/../lib/gcc/arm-none-eabi/5.4.1/armv7-m/crtn.o
                0x00001210                . = ALIGN (0x4)
                0x00001210                __preinit_array_start = .
 *(.preinit_array)
                0x00001210                __preinit_array_end = .
                0x00001210                . = ALIGN (0x4)
                0x00001210                __init_array_start = .
 *(SORT(.init_array.*))
 *(.init_array)
 .init_array    0x00001210        0x4 c:/program files (x86)/cypress/psoc creator/4.4/psoc creator/import/gnu/arm/5.4.1/bin/../lib/gcc/arm-none-eabi/5.4.1/armv7-m/crtbegin.o
 .init_array    0x00001214        0x4 .\CortexM3\ARM_GCC_541\Debug\Cm3Start.o
                0x00001218                __init_array_end = .
                0x00001218                . = ALIGN (0x4)
 *(.fini)
 .fini          0x00001218        0x4 c:/program files (x86)/cypress/psoc creator/4.4/psoc creator/import/gnu/arm/5.4.1/bin/../lib/gcc/arm-none-eabi/5.4.1/armv7-m/crti.o
                0x00001218                _fini
 .fini          0x0000121c        0x8 c:/program files (x86)/cypress/psoc creator/4.4/psoc creator/import/gnu/arm/5.4.1/bin/../lib/gcc/arm-none-eabi/5.4.1/armv7-m/crtn.o
                0x00001224                . = ALIGN (0x4)
                0x00001224                __fini_array_start = .
 *(.fini_array)
 .fini_array    0x00001224        0x4 c:/program files (x86)/cypress/psoc creator/4.4/psoc creator/import/gnu/arm/5.4.1/bin/../lib/gcc/arm-none-eabi/5.4.1/armv7-m/crtbegin.o
 *(SORT(.fini_array.*))
                0x00001228                __fini_array_end = .
                0x00001228                . = ALIGN (0x4)
 *crtbegin.o(.ctors)
 *(EXCLUDE_FILE(*crtend.o) .ctors)
 *(SORT(.ctors.*))
 *crtend.o(.ctors)
                0x00001228                . = ALIGN (0x4)
 *crtbegin.o(.dtors)
 *(EXCLUDE_FILE(*crtend.o) .dtors)
 *(SORT(.dtors.*))
 *crtend.o(.dtors)
                0x00001228                . = ALIGN (0x4)
                0x00001228                __cy_regions = .
                0x00001228        0x4 LONG 0x1238 __cy_region_init_ram
                0x0000122c        0x4 LONG 0x1fff80c8 __cy_region_start_data
                0x00001230        0x4 LONG 0x80 __cy_region_init_size_ram
                0x00001234        0x4 LONG 0x38 __cy_region_zero_size_ram
                0x00001238                __cy_regions_end = .
                0x00001238                . = ALIGN (0x8)
                0x00001238                _etext = .

.cy_checksum_exclude
                0x00001238        0x0
 *(.cy_checksum_exclude)

.ramvectors     0x1fff8000       0xc0
                0x1fff8000                __cy_region_start_ram = .
 *(.ramvectors)
 .ramvectors    0x1fff8000       0xc0 .\CortexM3\ARM_GCC_541\Debug\Cm3Start.o
                0x1fff8000                CyRamVectors

.noinit         0x1fff80c0        0x1
 *(.noinit)
 .noinit        0x1fff80c0        0x1 .\CortexM3\ARM_GCC_541\Debug\BusAnalyzer.a(CyLib.o)
                0x1fff80c0                CyResetStatus

.data           0x1fff80c8       0x80 load address 0x00001238
                0x1fff80c8                __cy_region_start_data = .
 *(.jcr)
 .jcr           0x1fff80c8        0x0 c:/program files (x86)/cypress/psoc creator/4.4/psoc creator/import/gnu/arm/5.4.1/bin/../lib/gcc/arm-none-eabi/5.4.1/armv7-m/crtbegin.o
 .jcr           0x1fff80c8        0x4 c:/program files (x86)/cypress/psoc creator/4.4/psoc creator/import/gnu/arm/5.4.1/bin/../lib/gcc/arm-none-eabi/5.4.1/armv7-m/crtend.o
 *(.got.plt)
 *(.got)
 *(.shdata)
 *(.data .data.* .gnu.linkonce.d.*)
 .data          0x1fff80cc        0x4 .\CortexM3\ARM_GCC_541\Debug\Cm3Start.o
 .data          0x1fff80d0       0x10 .\CortexM3\ARM_GCC_541\Debug\BusAnalyzer.a(CyLib.o)
                0x1fff80d0                cydelay_32k_ms
                0x1fff80d4                cydelay_freq_khz
                0x1fff80d8                cydelay_freq_mhz
                0x1fff80dc                cydelay_freq_hz
 .data.impure_data
                0x1fff80e0       0x60 c:/program files (x86)/cypress/psoc creator/4.4/psoc creator/import/gnu/arm/5.4.1/bin/../lib/gcc/arm-none-eabi/5.4.1/../../../../arm-none-eabi/lib/armv7-m\libg_nano.a(lib_a-impure.o)
 .data._impure_ptr
                0x1fff8140        0x4 c:/program files (x86)/cypress/psoc creator/4.4/psoc creator/import/gnu/arm/5.4.1/bin/../lib/gcc/arm-none-eabi/5.4.1/../../../../arm-none-eabi/lib/armv7-m\libg_nano.a(lib_a-impure.o)
                0x1fff8140                _impure_ptr
                0x1fff8148                . = ALIGN (0x8)
 *fill*         0x1fff8144        0x4 
 *(.ram)
                0x1fff8148                _edata = .

.igot.plt       0x1fff8148        0x0 load address 0x000012b8
 .igot.plt      0x1fff8148        0x0 c:/program files (x86)/cypress/psoc creator/4.4/psoc creator/import/gnu/arm/5.4.1/bin/../lib/gcc/arm-none-eabi/5.4.1/armv7-m/crtbegin.o

.bss            0x1fff8148       0x38 load address 0x000012b8
                0x1fff8148                PROVIDE (__bss_start__, .)
 *(.shbss)
 *(.bss .bss.* .gnu.linkonce.b.*)
 .bss           0x1fff8148       0x1c c:/program files (x86)/cypress/psoc creator/4.4/psoc creator/import/gnu/arm/5.4.1/bin/../lib/gcc/arm-none-eabi/5.4.1/armv7-m/crtbegin.o
 .bss           0x1fff8164        0x0 .\CortexM3\ARM_GCC_541\Debug\main.o
                0x1fff8164                out
 .bss           0x1fff8164        0x2 .\CortexM3\ARM_GCC_541\Debug\BusAnalyzer.a(UART.o)
                0x1fff8164                UART_initVar
 *fill*         0x1fff8166        0x2 
 .bss.__malloc_sbrk_start
                0x1fff8168        0x4 c:/program files (x86)/cypress/psoc creator/4.4/psoc creator/import/gnu/arm/5.4.1/bin/../lib/gcc/arm-none-eabi/5.4.1/../../../../arm-none-eabi/lib/armv7-m\libg_nano.a(lib_a-nano-mallocr.o)
                0x1fff8168                __malloc_sbrk_start
 .bss.__malloc_free_list
                0x1fff816c        0x4 c:/program files (x86)/cypress/psoc creator/4.4/psoc creator/import/gnu/arm/5.4.1/bin/../lib/gcc/arm-none-eabi/5.4.1/../../../../arm-none-eabi/lib/armv7-m\libg_nano.a(lib_a-nano-mallocr.o)
                0x1fff816c                __malloc_free_list
 *(COMMON)
 COMMON         0x1fff8170        0x5 .\CortexM3\ARM_GCC_541\Debug\main.o
                0x1fff8170                cnt
                0x1fff8171                input
                0x1fff8172                scan
                0x1fff8173                addr
                0x1fff8174                data
 *fill*         0x1fff8175        0x3 
 COMMON         0x1fff8178        0x4 c:/program files (x86)/cypress/psoc creator/4.4/psoc creator/import/gnu/arm/5.4.1/bin/../lib/gcc/arm-none-eabi/5.4.1/../../../../arm-none-eabi/lib/armv7-m\libg_nano.a(lib_a-reent.o)
                0x1fff8178                errno
                0x1fff8180                . = ALIGN (0x8)
 *fill*         0x1fff817c        0x4 
 *(.ram.b)
                0x1fff8180                _end = .
                0x1fff8180                __end = .
                0x1fff8180                PROVIDE (end, .)
                0x1fff8180                PROVIDE (__bss_end__, .)
                0x00001238                __cy_region_init_ram = LOADADDR (.data)
                0x00000080                __cy_region_init_size_ram = (_edata - ADDR (.data))
                0x00000038                __cy_region_zero_size_ram = (_end - _edata)

.heap           0x1fff8180       0x80 load address 0x000012b8
                0x1fff8180                . = _end
                0x1fff8200                . = (. + 0x80)
 *fill*         0x1fff8180       0x80 
                0x1fff8200                __cy_heap_limit = .

.stack          0x20007800      0x800
                0x20007800                __cy_stack_limit = .
                0x20008000                . = (. + 0x800)
 *fill*         0x20007800      0x800 
                0x00000001                ASSERT ((__cy_stack_limit >= __cy_heap_limit), region RAM overflowed with stack)
                0x00000000                cy_checksum_exclude_size = (CY_APPL_LOADABLE == 0x1)?SIZEOF (.cy_checksum_exclude):0x0
                0x00000001                ASSERT ((cy_checksum_exclude_size <= CY_CHECKSUM_EXCLUDE_SIZE), CY_BOOT: Section .cy_checksum_exclude size exceedes specified limit.)

.cyloadermeta
 *(.cyloadermeta)

.cyloadablemeta
 *(.cyloadablemeta)

.cyconfigecc    0x80000000      0x444
 *(.cyconfigecc)
 .cyconfigecc   0x80000000      0x444 .\CortexM3\ARM_GCC_541\Debug\cymetadata.o
                0x80000000                cy_meta_configecc

.cycustnvl      0x90000000        0x4
 *(.cycustnvl)
 .cycustnvl     0x90000000        0x4 .\CortexM3\ARM_GCC_541\Debug\cymetadata.o
                0x90000000                cy_meta_custnvl

.cywolatch      0x90100000        0x4
 *(.cywolatch)
 .cywolatch     0x90100000        0x4 .\CortexM3\ARM_GCC_541\Debug\cymetadata.o
                0x90100000                cy_meta_wonvl

.cyeeprom       0x90200000        0x0
 *(.cyeeprom)
                0x00000001                ASSERT ((. <= ((0x90200000 + ee_offset) + ee_size)), .cyeeprom data will not fit in EEPROM)

.cyflashprotect
                0x90400000      0x100
 *(.cyflashprotect)
 .cyflashprotect
                0x90400000      0x100 .\CortexM3\ARM_GCC_541\Debug\cymetadata.o
                0x90400000                cy_meta_flashprotect

.cymeta         0x90500000        0xc
 *(.cymeta)
 .cymeta        0x90500000        0xc .\CortexM3\ARM_GCC_541\Debug\cymetadata.o
                0x90500000                cy_metadata

.rel.dyn        0x000012b8        0x0 load address 0x9050000c
 .rel.iplt      0x000012b8        0x0 c:/program files (x86)/cypress/psoc creator/4.4/psoc creator/import/gnu/arm/5.4.1/bin/../lib/gcc/arm-none-eabi/5.4.1/armv7-m/crtbegin.o

.stab
 *(.stab)

.stabstr
 *(.stabstr)

.debug
 *(.debug)

.line
 *(.line)

.debug_srcinfo
 *(.debug_srcinfo)

.debug_sfnames
 *(.debug_sfnames)

.debug_aranges  0x00000000      0x920
 *(.debug_aranges)
 .debug_aranges
                0x00000000       0x30 .\CortexM3\ARM_GCC_541\Debug\main.o
 .debug_aranges
                0x00000030       0x58 .\CortexM3\ARM_GCC_541\Debug\cyfitter_cfg.o
 .debug_aranges
                0x00000088       0x18 .\CortexM3\ARM_GCC_541\Debug\cymetadata.o
 .debug_aranges
                0x000000a0       0x48 .\CortexM3\ARM_GCC_541\Debug\Cm3Start.o
 .debug_aranges
                0x000000e8      0x2a0 .\CortexM3\ARM_GCC_541\Debug\BusAnalyzer.a(CyLib.o)
 .debug_aranges
                0x00000388       0x98 .\CortexM3\ARM_GCC_541\Debug\BusAnalyzer.a(cyPm.o)
 .debug_aranges
                0x00000420       0x38 .\CortexM3\ARM_GCC_541\Debug\BusAnalyzer.a(Data.o)
 .debug_aranges
                0x00000458       0x38 .\CortexM3\ARM_GCC_541\Debug\BusAnalyzer.a(Addr_LSB.o)
 .debug_aranges
                0x00000490       0xf0 .\CortexM3\ARM_GCC_541\Debug\BusAnalyzer.a(UART.o)
 .debug_aranges
                0x00000580       0x28 .\CortexM3\ARM_GCC_541\Debug\BusAnalyzer.a(Clock_Ctrl.o)
 .debug_aranges
                0x000005a8       0x70 .\CortexM3\ARM_GCC_541\Debug\BusAnalyzer.a(UART_IntClock.o)
 .debug_aranges
                0x00000618       0x38 .\CortexM3\ARM_GCC_541\Debug\BusAnalyzer.a(Ctrl_M1.o)
 .debug_aranges
                0x00000650       0x38 .\CortexM3\ARM_GCC_541\Debug\BusAnalyzer.a(Ctrl_RD.o)
 .debug_aranges
                0x00000688       0x38 .\CortexM3\ARM_GCC_541\Debug\BusAnalyzer.a(Ctrl_WR.o)
 .debug_aranges
                0x000006c0       0x38 .\CortexM3\ARM_GCC_541\Debug\BusAnalyzer.a(Ctrl_MREQ.o)
 .debug_aranges
                0x000006f8       0x80 .\CortexM3\ARM_GCC_541\Debug\BusAnalyzer.a(isr_1.o)
 .debug_aranges
                0x00000778       0x80 .\CortexM3\ARM_GCC_541\Debug\BusAnalyzer.a(isr_2.o)
 .debug_aranges
                0x000007f8       0x20 .\CortexM3\ARM_GCC_541\Debug\BusAnalyzer.a(CyBootAsmGnu.o)
 .debug_aranges
                0x00000818       0x88 .\CortexM3\ARM_GCC_541\Debug\BusAnalyzer.a(CyFlash.o)
 .debug_aranges
                0x000008a0       0x80 .\CortexM3\ARM_GCC_541\Debug\BusAnalyzer.a(CySpc.o)

.debug_pubnames
 *(.debug_pubnames)

.debug_info     0x00000000     0x4e42
 *(.debug_info .gnu.linkonce.wi.*)
 .debug_info    0x00000000      0x469 .\CortexM3\ARM_GCC_541\Debug\main.o
 .debug_info    0x00000469      0x513 .\CortexM3\ARM_GCC_541\Debug\cyfitter_cfg.o
 .debug_info    0x0000097c      0x135 .\CortexM3\ARM_GCC_541\Debug\cymetadata.o
 .debug_info    0x00000ab1      0x3bb .\CortexM3\ARM_GCC_541\Debug\Cm3Start.o
 .debug_info    0x00000e6c     0x1374 .\CortexM3\ARM_GCC_541\Debug\BusAnalyzer.a(CyLib.o)
 .debug_info    0x000021e0      0xa2a .\CortexM3\ARM_GCC_541\Debug\BusAnalyzer.a(cyPm.o)
 .debug_info    0x00002c0a      0x11c .\CortexM3\ARM_GCC_541\Debug\BusAnalyzer.a(Data.o)
 .debug_info    0x00002d26      0x11c .\CortexM3\ARM_GCC_541\Debug\BusAnalyzer.a(Addr_LSB.o)
 .debug_info    0x00002e42      0x60c .\CortexM3\ARM_GCC_541\Debug\BusAnalyzer.a(UART.o)
 .debug_info    0x0000344e       0xd6 .\CortexM3\ARM_GCC_541\Debug\BusAnalyzer.a(Clock_Ctrl.o)
 .debug_info    0x00003524      0x283 .\CortexM3\ARM_GCC_541\Debug\BusAnalyzer.a(UART_IntClock.o)
 .debug_info    0x000037a7      0x11f .\CortexM3\ARM_GCC_541\Debug\BusAnalyzer.a(Ctrl_M1.o)
 .debug_info    0x000038c6      0x11f .\CortexM3\ARM_GCC_541\Debug\BusAnalyzer.a(Ctrl_RD.o)
 .debug_info    0x000039e5      0x11f .\CortexM3\ARM_GCC_541\Debug\BusAnalyzer.a(Ctrl_WR.o)
 .debug_info    0x00003b04      0x11f .\CortexM3\ARM_GCC_541\Debug\BusAnalyzer.a(Ctrl_MREQ.o)
 .debug_info    0x00003c23      0x2d2 .\CortexM3\ARM_GCC_541\Debug\BusAnalyzer.a(isr_1.o)
 .debug_info    0x00003ef5      0x2d2 .\CortexM3\ARM_GCC_541\Debug\BusAnalyzer.a(isr_2.o)
 .debug_info    0x000041c7       0xde .\CortexM3\ARM_GCC_541\Debug\BusAnalyzer.a(CyBootAsmGnu.o)
 .debug_info    0x000042a5      0x64d .\CortexM3\ARM_GCC_541\Debug\BusAnalyzer.a(CyFlash.o)
 .debug_info    0x000048f2      0x550 .\CortexM3\ARM_GCC_541\Debug\BusAnalyzer.a(CySpc.o)

.debug_abbrev   0x00000000     0x165d
 *(.debug_abbrev)
 .debug_abbrev  0x00000000      0x130 .\CortexM3\ARM_GCC_541\Debug\main.o
 .debug_abbrev  0x00000130      0x1fe .\CortexM3\ARM_GCC_541\Debug\cyfitter_cfg.o
 .debug_abbrev  0x0000032e       0x66 .\CortexM3\ARM_GCC_541\Debug\cymetadata.o
 .debug_abbrev  0x00000394      0x1e8 .\CortexM3\ARM_GCC_541\Debug\Cm3Start.o
 .debug_abbrev  0x0000057c      0x254 .\CortexM3\ARM_GCC_541\Debug\BusAnalyzer.a(CyLib.o)
 .debug_abbrev  0x000007d0      0x1ab .\CortexM3\ARM_GCC_541\Debug\BusAnalyzer.a(cyPm.o)
 .debug_abbrev  0x0000097b       0x9f .\CortexM3\ARM_GCC_541\Debug\BusAnalyzer.a(Data.o)
 .debug_abbrev  0x00000a1a       0x9f .\CortexM3\ARM_GCC_541\Debug\BusAnalyzer.a(Addr_LSB.o)
 .debug_abbrev  0x00000ab9      0x175 .\CortexM3\ARM_GCC_541\Debug\BusAnalyzer.a(UART.o)
 .debug_abbrev  0x00000c2e       0x81 .\CortexM3\ARM_GCC_541\Debug\BusAnalyzer.a(Clock_Ctrl.o)
 .debug_abbrev  0x00000caf      0x139 .\CortexM3\ARM_GCC_541\Debug\BusAnalyzer.a(UART_IntClock.o)
 .debug_abbrev  0x00000de8       0x90 .\CortexM3\ARM_GCC_541\Debug\BusAnalyzer.a(Ctrl_M1.o)
 .debug_abbrev  0x00000e78       0x90 .\CortexM3\ARM_GCC_541\Debug\BusAnalyzer.a(Ctrl_RD.o)
 .debug_abbrev  0x00000f08       0x90 .\CortexM3\ARM_GCC_541\Debug\BusAnalyzer.a(Ctrl_WR.o)
 .debug_abbrev  0x00000f98       0x90 .\CortexM3\ARM_GCC_541\Debug\BusAnalyzer.a(Ctrl_MREQ.o)
 .debug_abbrev  0x00001028      0x173 .\CortexM3\ARM_GCC_541\Debug\BusAnalyzer.a(isr_1.o)
 .debug_abbrev  0x0000119b      0x173 .\CortexM3\ARM_GCC_541\Debug\BusAnalyzer.a(isr_2.o)
 .debug_abbrev  0x0000130e       0x14 .\CortexM3\ARM_GCC_541\Debug\BusAnalyzer.a(CyBootAsmGnu.o)
 .debug_abbrev  0x00001322      0x1a7 .\CortexM3\ARM_GCC_541\Debug\BusAnalyzer.a(CyFlash.o)
 .debug_abbrev  0x000014c9      0x194 .\CortexM3\ARM_GCC_541\Debug\BusAnalyzer.a(CySpc.o)

.debug_line     0x00000000     0x230a
 *(.debug_line)
 .debug_line    0x00000000      0x2c9 .\CortexM3\ARM_GCC_541\Debug\main.o
 .debug_line    0x000002c9      0x1db .\CortexM3\ARM_GCC_541\Debug\cyfitter_cfg.o
 .debug_line    0x000004a4      0x141 .\CortexM3\ARM_GCC_541\Debug\cymetadata.o
 .debug_line    0x000005e5      0x234 .\CortexM3\ARM_GCC_541\Debug\Cm3Start.o
 .debug_line    0x00000819      0x816 .\CortexM3\ARM_GCC_541\Debug\BusAnalyzer.a(CyLib.o)
 .debug_line    0x0000102f      0x367 .\CortexM3\ARM_GCC_541\Debug\BusAnalyzer.a(cyPm.o)
 .debug_line    0x00001396       0x98 .\CortexM3\ARM_GCC_541\Debug\BusAnalyzer.a(Data.o)
 .debug_line    0x0000142e       0x9c .\CortexM3\ARM_GCC_541\Debug\BusAnalyzer.a(Addr_LSB.o)
 .debug_line    0x000014ca      0x2bc .\CortexM3\ARM_GCC_541\Debug\BusAnalyzer.a(UART.o)
 .debug_line    0x00001786       0x72 .\CortexM3\ARM_GCC_541\Debug\BusAnalyzer.a(Clock_Ctrl.o)
 .debug_line    0x000017f8      0x17c .\CortexM3\ARM_GCC_541\Debug\BusAnalyzer.a(UART_IntClock.o)
 .debug_line    0x00001974       0x94 .\CortexM3\ARM_GCC_541\Debug\BusAnalyzer.a(Ctrl_M1.o)
 .debug_line    0x00001a08       0x94 .\CortexM3\ARM_GCC_541\Debug\BusAnalyzer.a(Ctrl_RD.o)
 .debug_line    0x00001a9c       0x94 .\CortexM3\ARM_GCC_541\Debug\BusAnalyzer.a(Ctrl_WR.o)
 .debug_line    0x00001b30       0x96 .\CortexM3\ARM_GCC_541\Debug\BusAnalyzer.a(Ctrl_MREQ.o)
 .debug_line    0x00001bc6      0x132 .\CortexM3\ARM_GCC_541\Debug\BusAnalyzer.a(isr_1.o)
 .debug_line    0x00001cf8      0x132 .\CortexM3\ARM_GCC_541\Debug\BusAnalyzer.a(isr_2.o)
 .debug_line    0x00001e2a       0x66 .\CortexM3\ARM_GCC_541\Debug\BusAnalyzer.a(CyBootAsmGnu.o)
 .debug_line    0x00001e90      0x21a .\CortexM3\ARM_GCC_541\Debug\BusAnalyzer.a(CyFlash.o)
 .debug_line    0x000020aa      0x260 .\CortexM3\ARM_GCC_541\Debug\BusAnalyzer.a(CySpc.o)

.debug_frame    0x00000000     0x1964
 *(.debug_frame)
 .debug_frame   0x00000000       0x58 .\CortexM3\ARM_GCC_541\Debug\main.o
 .debug_frame   0x00000058       0xe4 .\CortexM3\ARM_GCC_541\Debug\cyfitter_cfg.o
 .debug_frame   0x0000013c       0xb8 .\CortexM3\ARM_GCC_541\Debug\Cm3Start.o
 .debug_frame   0x000001f4      0x738 .\CortexM3\ARM_GCC_541\Debug\BusAnalyzer.a(CyLib.o)
 .debug_frame   0x0000092c      0x1f8 .\CortexM3\ARM_GCC_541\Debug\BusAnalyzer.a(cyPm.o)
 .debug_frame   0x00000b24       0x50 .\CortexM3\ARM_GCC_541\Debug\BusAnalyzer.a(Data.o)
 .debug_frame   0x00000b74       0x50 .\CortexM3\ARM_GCC_541\Debug\BusAnalyzer.a(Addr_LSB.o)
 .debug_frame   0x00000bc4      0x250 .\CortexM3\ARM_GCC_541\Debug\BusAnalyzer.a(UART.o)
 .debug_frame   0x00000e14       0x30 .\CortexM3\ARM_GCC_541\Debug\BusAnalyzer.a(Clock_Ctrl.o)
 .debug_frame   0x00000e44       0xe0 .\CortexM3\ARM_GCC_541\Debug\BusAnalyzer.a(UART_IntClock.o)
 .debug_frame   0x00000f24       0x50 .\CortexM3\ARM_GCC_541\Debug\BusAnalyzer.a(Ctrl_M1.o)
 .debug_frame   0x00000f74       0x50 .\CortexM3\ARM_GCC_541\Debug\BusAnalyzer.a(Ctrl_RD.o)
 .debug_frame   0x00000fc4       0x50 .\CortexM3\ARM_GCC_541\Debug\BusAnalyzer.a(Ctrl_WR.o)
 .debug_frame   0x00001014       0x50 .\CortexM3\ARM_GCC_541\Debug\BusAnalyzer.a(Ctrl_MREQ.o)
 .debug_frame   0x00001064      0x104 .\CortexM3\ARM_GCC_541\Debug\BusAnalyzer.a(isr_1.o)
 .debug_frame   0x00001168      0x104 .\CortexM3\ARM_GCC_541\Debug\BusAnalyzer.a(isr_2.o)
 .debug_frame   0x0000126c      0x194 .\CortexM3\ARM_GCC_541\Debug\BusAnalyzer.a(CyFlash.o)
 .debug_frame   0x00001400      0x180 .\CortexM3\ARM_GCC_541\Debug\BusAnalyzer.a(CySpc.o)
 .debug_frame   0x00001580       0x20 c:/program files (x86)/cypress/psoc creator/4.4/psoc creator/import/gnu/arm/5.4.1/bin/../lib/gcc/arm-none-eabi/5.4.1/../../../../arm-none-eabi/lib/armv7-m\libg_nano.a(lib_a-errno.o)
 .debug_frame   0x000015a0       0x28 c:/program files (x86)/cypress/psoc creator/4.4/psoc creator/import/gnu/arm/5.4.1/bin/../lib/gcc/arm-none-eabi/5.4.1/../../../../arm-none-eabi/lib/armv7-m\libg_nano.a(lib_a-exit.o)
 .debug_frame   0x000015c8       0x2c c:/program files (x86)/cypress/psoc creator/4.4/psoc creator/import/gnu/arm/5.4.1/bin/../lib/gcc/arm-none-eabi/5.4.1/../../../../arm-none-eabi/lib/armv7-m\libg_nano.a(lib_a-init.o)
 .debug_frame   0x000015f4       0x28 c:/program files (x86)/cypress/psoc creator/4.4/psoc creator/import/gnu/arm/5.4.1/bin/../lib/gcc/arm-none-eabi/5.4.1/../../../../arm-none-eabi/lib/armv7-m\libg_nano.a(lib_a-memcpy-stub.o)
 .debug_frame   0x0000161c       0x20 c:/program files (x86)/cypress/psoc creator/4.4/psoc creator/import/gnu/arm/5.4.1/bin/../lib/gcc/arm-none-eabi/5.4.1/../../../../arm-none-eabi/lib/armv7-m\libg_nano.a(lib_a-memset.o)
 .debug_frame   0x0000163c       0x70 c:/program files (x86)/cypress/psoc creator/4.4/psoc creator/import/gnu/arm/5.4.1/bin/../lib/gcc/arm-none-eabi/5.4.1/../../../../arm-none-eabi/lib/armv7-m\libg_nano.a(lib_a-sprintf.o)
 .debug_frame   0x000016ac       0x90 c:/program files (x86)/cypress/psoc creator/4.4/psoc creator/import/gnu/arm/5.4.1/bin/../lib/gcc/arm-none-eabi/5.4.1/../../../../arm-none-eabi/lib/armv7-m\libg_nano.a(lib_a-nano-svfprintf.o)
 .debug_frame   0x0000173c       0x60 c:/program files (x86)/cypress/psoc creator/4.4/psoc creator/import/gnu/arm/5.4.1/bin/../lib/gcc/arm-none-eabi/5.4.1/../../../../arm-none-eabi/lib/armv7-m\libg_nano.a(lib_a-nano-vfprintf_i.o)
 .debug_frame   0x0000179c       0x28 c:/program files (x86)/cypress/psoc creator/4.4/psoc creator/import/gnu/arm/5.4.1/bin/../lib/gcc/arm-none-eabi/5.4.1/../../../../arm-none-eabi/lib/armv7-m\libg_nano.a(lib_a-memchr-stub.o)
 .debug_frame   0x000017c4       0x28 c:/program files (x86)/cypress/psoc creator/4.4/psoc creator/import/gnu/arm/5.4.1/bin/../lib/gcc/arm-none-eabi/5.4.1/../../../../arm-none-eabi/lib/armv7-m\libg_nano.a(lib_a-memmove.o)
 .debug_frame   0x000017ec       0x38 c:/program files (x86)/cypress/psoc creator/4.4/psoc creator/import/gnu/arm/5.4.1/bin/../lib/gcc/arm-none-eabi/5.4.1/../../../../arm-none-eabi/lib/armv7-m\libg_nano.a(lib_a-nano-freer.o)
 .debug_frame   0x00001824       0x2c c:/program files (x86)/cypress/psoc creator/4.4/psoc creator/import/gnu/arm/5.4.1/bin/../lib/gcc/arm-none-eabi/5.4.1/../../../../arm-none-eabi/lib/armv7-m\libg_nano.a(lib_a-nano-mallocr.o)
 .debug_frame   0x00001850       0x3c c:/program files (x86)/cypress/psoc creator/4.4/psoc creator/import/gnu/arm/5.4.1/bin/../lib/gcc/arm-none-eabi/5.4.1/../../../../arm-none-eabi/lib/armv7-m\libg_nano.a(lib_a-nano-reallocr.o)
 .debug_frame   0x0000188c       0x2c c:/program files (x86)/cypress/psoc creator/4.4/psoc creator/import/gnu/arm/5.4.1/bin/../lib/gcc/arm-none-eabi/5.4.1/../../../../arm-none-eabi/lib/armv7-m\libg_nano.a(lib_a-sbrkr.o)
 .debug_frame   0x000018b8       0x30 c:/program files (x86)/cypress/psoc creator/4.4/psoc creator/import/gnu/arm/5.4.1/bin/../lib/gcc/arm-none-eabi/5.4.1/../../../../arm-none-eabi/lib/armv7-m\libg_nano.a(lib_a-mlock.o)
 .debug_frame   0x000018e8       0x20 c:/program files (x86)/cypress/psoc creator/4.4/psoc creator/import/gnu/arm/5.4.1/bin/../lib/gcc/arm-none-eabi/5.4.1/../../../../arm-none-eabi/lib/armv7-m\libg_nano.a(lib_a-nano-msizer.o)
 .debug_frame   0x00001908       0x5c c:/program files (x86)/cypress/psoc creator/4.4/psoc creator/import/gnu/arm/5.4.1/bin/../lib/gcc/arm-none-eabi/5.4.1/../../../../arm-none-eabi/lib/armv7-m\libg_nano.a(lib_a-reent.o)

.debug_str      0x00000000     0x1bfa
 *(.debug_str)
 .debug_str     0x00000000      0x2d1 .\CortexM3\ARM_GCC_541\Debug\main.o
                                0x336 (size before relaxing)
 .debug_str     0x000002d1      0x187 .\CortexM3\ARM_GCC_541\Debug\cyfitter_cfg.o
                                0x35d (size before relaxing)
 .debug_str     0x00000458       0x75 .\CortexM3\ARM_GCC_541\Debug\cymetadata.o
                                0x232 (size before relaxing)
 .debug_str     0x000004cd      0x144 .\CortexM3\ARM_GCC_541\Debug\Cm3Start.o
                                0x358 (size before relaxing)
 .debug_str     0x00000611      0x84c .\CortexM3\ARM_GCC_541\Debug\BusAnalyzer.a(CyLib.o)
                                0xa95 (size before relaxing)
 .debug_str     0x00000e5d      0x365 .\CortexM3\ARM_GCC_541\Debug\BusAnalyzer.a(cyPm.o)
                                0x781 (size before relaxing)
 .debug_str     0x000011c2       0x4c .\CortexM3\ARM_GCC_541\Debug\BusAnalyzer.a(Data.o)
                                0x22b (size before relaxing)
 .debug_str     0x0000120e       0x5c .\CortexM3\ARM_GCC_541\Debug\BusAnalyzer.a(Addr_LSB.o)
                                0x23f (size before relaxing)
 .debug_str     0x0000126a      0x280 .\CortexM3\ARM_GCC_541\Debug\BusAnalyzer.a(UART.o)
                                0x4c3 (size before relaxing)
 .debug_str     0x000014ea       0x34 .\CortexM3\ARM_GCC_541\Debug\BusAnalyzer.a(Clock_Ctrl.o)
                                0x20c (size before relaxing)
 .debug_str     0x0000151e      0x183 .\CortexM3\ARM_GCC_541\Debug\BusAnalyzer.a(UART_IntClock.o)
                                0x384 (size before relaxing)
 .debug_str     0x000016a1       0x58 .\CortexM3\ARM_GCC_541\Debug\BusAnalyzer.a(Ctrl_M1.o)
                                0x23a (size before relaxing)
 .debug_str     0x000016f9       0x58 .\CortexM3\ARM_GCC_541\Debug\BusAnalyzer.a(Ctrl_RD.o)
                                0x23a (size before relaxing)
 .debug_str     0x00001751       0x58 .\CortexM3\ARM_GCC_541\Debug\BusAnalyzer.a(Ctrl_WR.o)
                                0x23a (size before relaxing)
 .debug_str     0x000017a9       0x60 .\CortexM3\ARM_GCC_541\Debug\BusAnalyzer.a(Ctrl_MREQ.o)
                                0x244 (size before relaxing)
 .debug_str     0x00001809       0xc5 .\CortexM3\ARM_GCC_541\Debug\BusAnalyzer.a(isr_1.o)
                                0x2f4 (size before relaxing)
 .debug_str     0x000018ce       0xc5 .\CortexM3\ARM_GCC_541\Debug\BusAnalyzer.a(isr_2.o)
                                0x2f4 (size before relaxing)
 .debug_str     0x00001993      0x1bb .\CortexM3\ARM_GCC_541\Debug\BusAnalyzer.a(CyFlash.o)
                                0x40e (size before relaxing)
 .debug_str     0x00001b4e       0xac .\CortexM3\ARM_GCC_541\Debug\BusAnalyzer.a(CySpc.o)
                                0x386 (size before relaxing)

.debug_loc      0x00000000     0x1f41
 *(.debug_loc)
 .debug_loc     0x00000000      0x1d7 .\CortexM3\ARM_GCC_541\Debug\cyfitter_cfg.o
 .debug_loc     0x000001d7      0x144 .\CortexM3\ARM_GCC_541\Debug\Cm3Start.o
 .debug_loc     0x0000031b      0xa11 .\CortexM3\ARM_GCC_541\Debug\BusAnalyzer.a(CyLib.o)
 .debug_loc     0x00000d2c      0x1e4 .\CortexM3\ARM_GCC_541\Debug\BusAnalyzer.a(cyPm.o)
 .debug_loc     0x00000f10       0x21 .\CortexM3\ARM_GCC_541\Debug\BusAnalyzer.a(Data.o)
 .debug_loc     0x00000f31       0x21 .\CortexM3\ARM_GCC_541\Debug\BusAnalyzer.a(Addr_LSB.o)
 .debug_loc     0x00000f52      0x258 .\CortexM3\ARM_GCC_541\Debug\BusAnalyzer.a(UART.o)
 .debug_loc     0x000011aa      0x12c .\CortexM3\ARM_GCC_541\Debug\BusAnalyzer.a(UART_IntClock.o)
 .debug_loc     0x000012d6       0x42 .\CortexM3\ARM_GCC_541\Debug\BusAnalyzer.a(Ctrl_M1.o)
 .debug_loc     0x00001318       0x42 .\CortexM3\ARM_GCC_541\Debug\BusAnalyzer.a(Ctrl_RD.o)
 .debug_loc     0x0000135a       0x42 .\CortexM3\ARM_GCC_541\Debug\BusAnalyzer.a(Ctrl_WR.o)
 .debug_loc     0x0000139c       0x42 .\CortexM3\ARM_GCC_541\Debug\BusAnalyzer.a(Ctrl_MREQ.o)
 .debug_loc     0x000013de       0x56 .\CortexM3\ARM_GCC_541\Debug\BusAnalyzer.a(isr_1.o)
 .debug_loc     0x00001434       0x56 .\CortexM3\ARM_GCC_541\Debug\BusAnalyzer.a(isr_2.o)
 .debug_loc     0x0000148a      0x3b2 .\CortexM3\ARM_GCC_541\Debug\BusAnalyzer.a(CyFlash.o)
 .debug_loc     0x0000183c      0x705 .\CortexM3\ARM_GCC_541\Debug\BusAnalyzer.a(CySpc.o)

.debug_macinfo
 *(.debug_macinfo)

.debug_ranges   0x00000000      0x7c8
 *(.debug_ranges)
 .debug_ranges  0x00000000       0x20 .\CortexM3\ARM_GCC_541\Debug\main.o
 .debug_ranges  0x00000020       0x48 .\CortexM3\ARM_GCC_541\Debug\cyfitter_cfg.o
 .debug_ranges  0x00000068       0x38 .\CortexM3\ARM_GCC_541\Debug\Cm3Start.o
 .debug_ranges  0x000000a0      0x290 .\CortexM3\ARM_GCC_541\Debug\BusAnalyzer.a(CyLib.o)
 .debug_ranges  0x00000330       0x88 .\CortexM3\ARM_GCC_541\Debug\BusAnalyzer.a(cyPm.o)
 .debug_ranges  0x000003b8       0x28 .\CortexM3\ARM_GCC_541\Debug\BusAnalyzer.a(Data.o)
 .debug_ranges  0x000003e0       0x28 .\CortexM3\ARM_GCC_541\Debug\BusAnalyzer.a(Addr_LSB.o)
 .debug_ranges  0x00000408       0xe0 .\CortexM3\ARM_GCC_541\Debug\BusAnalyzer.a(UART.o)
 .debug_ranges  0x000004e8       0x18 .\CortexM3\ARM_GCC_541\Debug\BusAnalyzer.a(Clock_Ctrl.o)
 .debug_ranges  0x00000500       0x60 .\CortexM3\ARM_GCC_541\Debug\BusAnalyzer.a(UART_IntClock.o)
 .debug_ranges  0x00000560       0x28 .\CortexM3\ARM_GCC_541\Debug\BusAnalyzer.a(Ctrl_M1.o)
 .debug_ranges  0x00000588       0x28 .\CortexM3\ARM_GCC_541\Debug\BusAnalyzer.a(Ctrl_RD.o)
 .debug_ranges  0x000005b0       0x28 .\CortexM3\ARM_GCC_541\Debug\BusAnalyzer.a(Ctrl_WR.o)
 .debug_ranges  0x000005d8       0x28 .\CortexM3\ARM_GCC_541\Debug\BusAnalyzer.a(Ctrl_MREQ.o)
 .debug_ranges  0x00000600       0x70 .\CortexM3\ARM_GCC_541\Debug\BusAnalyzer.a(isr_1.o)
 .debug_ranges  0x00000670       0x70 .\CortexM3\ARM_GCC_541\Debug\BusAnalyzer.a(isr_2.o)
 .debug_ranges  0x000006e0       0x78 .\CortexM3\ARM_GCC_541\Debug\BusAnalyzer.a(CyFlash.o)
 .debug_ranges  0x00000758       0x70 .\CortexM3\ARM_GCC_541\Debug\BusAnalyzer.a(CySpc.o)

.comment        0x00000000       0x6e
 .comment       0x00000000       0x6e .\CortexM3\ARM_GCC_541\Debug\main.o
                                 0x6f (size before relaxing)
 .comment       0x0000006e       0x6f .\CortexM3\ARM_GCC_541\Debug\cyfitter_cfg.o
 .comment       0x0000006e       0x6f .\CortexM3\ARM_GCC_541\Debug\cymetadata.o
 .comment       0x0000006e       0x6f .\CortexM3\ARM_GCC_541\Debug\Cm3Start.o
 .comment       0x0000006e       0x6f .\CortexM3\ARM_GCC_541\Debug\BusAnalyzer.a(CyLib.o)
 .comment       0x0000006e       0x6f .\CortexM3\ARM_GCC_541\Debug\BusAnalyzer.a(cyPm.o)
 .comment       0x0000006e       0x6f .\CortexM3\ARM_GCC_541\Debug\BusAnalyzer.a(Data.o)
 .comment       0x0000006e       0x6f .\CortexM3\ARM_GCC_541\Debug\BusAnalyzer.a(Addr_LSB.o)
 .comment       0x0000006e       0x6f .\CortexM3\ARM_GCC_541\Debug\BusAnalyzer.a(UART.o)
 .comment       0x0000006e       0x6f .\CortexM3\ARM_GCC_541\Debug\BusAnalyzer.a(Clock_Ctrl.o)
 .comment       0x0000006e       0x6f .\CortexM3\ARM_GCC_541\Debug\BusAnalyzer.a(UART_IntClock.o)
 .comment       0x0000006e       0x6f .\CortexM3\ARM_GCC_541\Debug\BusAnalyzer.a(Ctrl_M1.o)
 .comment       0x0000006e       0x6f .\CortexM3\ARM_GCC_541\Debug\BusAnalyzer.a(Ctrl_RD.o)
 .comment       0x0000006e       0x6f .\CortexM3\ARM_GCC_541\Debug\BusAnalyzer.a(Ctrl_WR.o)
 .comment       0x0000006e       0x6f .\CortexM3\ARM_GCC_541\Debug\BusAnalyzer.a(Ctrl_MREQ.o)
 .comment       0x0000006e       0x6f .\CortexM3\ARM_GCC_541\Debug\BusAnalyzer.a(isr_1.o)
 .comment       0x0000006e       0x6f .\CortexM3\ARM_GCC_541\Debug\BusAnalyzer.a(isr_2.o)
 .comment       0x0000006e       0x6f .\CortexM3\ARM_GCC_541\Debug\BusAnalyzer.a(CyFlash.o)
 .comment       0x0000006e       0x6f .\CortexM3\ARM_GCC_541\Debug\BusAnalyzer.a(CySpc.o)

.debug_weaknames
 *(.debug_weaknames)

.debug_funcnames
 *(.debug_funcnames)

.debug_typenames
 *(.debug_typenames)

.debug_varnames
 *(.debug_varnames)

.note.gnu.arm.ident
 *(.note.gnu.arm.ident)

.ARM.attributes
                0x00000000       0x29
 *(.ARM.attributes)
 .ARM.attributes
                0x00000000       0x1d c:/program files (x86)/cypress/psoc creator/4.4/psoc creator/import/gnu/arm/5.4.1/bin/../lib/gcc/arm-none-eabi/5.4.1/armv7-m/crti.o
 .ARM.attributes
                0x0000001d       0x2d c:/program files (x86)/cypress/psoc creator/4.4/psoc creator/import/gnu/arm/5.4.1/bin/../lib/gcc/arm-none-eabi/5.4.1/armv7-m/crtbegin.o
 .ARM.attributes
                0x0000004a       0x1b c:/program files (x86)/cypress/psoc creator/4.4/psoc creator/import/gnu/arm/5.4.1/bin/../lib/gcc/arm-none-eabi/5.4.1/../../../../arm-none-eabi/lib/armv7-m/crt0.o
 .ARM.attributes
                0x00000065       0x33 .\CortexM3\ARM_GCC_541\Debug\main.o
 .ARM.attributes
                0x00000098       0x33 .\CortexM3\ARM_GCC_541\Debug\cyfitter_cfg.o
 .ARM.attributes
                0x000000cb       0x33 .\CortexM3\ARM_GCC_541\Debug\cymetadata.o
 .ARM.attributes
                0x000000fe       0x33 .\CortexM3\ARM_GCC_541\Debug\Cm3Start.o
 .ARM.attributes
                0x00000131       0x33 .\CortexM3\ARM_GCC_541\Debug\BusAnalyzer.a(CyLib.o)
 .ARM.attributes
                0x00000164       0x33 .\CortexM3\ARM_GCC_541\Debug\BusAnalyzer.a(cyPm.o)
 .ARM.attributes
                0x00000197       0x33 .\CortexM3\ARM_GCC_541\Debug\BusAnalyzer.a(Data.o)
 .ARM.attributes
                0x000001ca       0x33 .\CortexM3\ARM_GCC_541\Debug\BusAnalyzer.a(Addr_LSB.o)
 .ARM.attributes
                0x000001fd       0x33 .\CortexM3\ARM_GCC_541\Debug\BusAnalyzer.a(UART.o)
 .ARM.attributes
                0x00000230       0x33 .\CortexM3\ARM_GCC_541\Debug\BusAnalyzer.a(Clock_Ctrl.o)
 .ARM.attributes
                0x00000263       0x33 .\CortexM3\ARM_GCC_541\Debug\BusAnalyzer.a(UART_IntClock.o)
 .ARM.attributes
                0x00000296       0x33 .\CortexM3\ARM_GCC_541\Debug\BusAnalyzer.a(Ctrl_M1.o)
 .ARM.attributes
                0x000002c9       0x33 .\CortexM3\ARM_GCC_541\Debug\BusAnalyzer.a(Ctrl_RD.o)
 .ARM.attributes
                0x000002fc       0x33 .\CortexM3\ARM_GCC_541\Debug\BusAnalyzer.a(Ctrl_WR.o)
 .ARM.attributes
                0x0000032f       0x33 .\CortexM3\ARM_GCC_541\Debug\BusAnalyzer.a(Ctrl_MREQ.o)
 .ARM.attributes
                0x00000362       0x33 .\CortexM3\ARM_GCC_541\Debug\BusAnalyzer.a(isr_1.o)
 .ARM.attributes
                0x00000395       0x33 .\CortexM3\ARM_GCC_541\Debug\BusAnalyzer.a(isr_2.o)
 .ARM.attributes
                0x000003c8       0x21 .\CortexM3\ARM_GCC_541\Debug\BusAnalyzer.a(CyBootAsmGnu.o)
 .ARM.attributes
                0x000003e9       0x33 .\CortexM3\ARM_GCC_541\Debug\BusAnalyzer.a(CyFlash.o)
 .ARM.attributes
                0x0000041c       0x33 .\CortexM3\ARM_GCC_541\Debug\BusAnalyzer.a(CySpc.o)
 .ARM.attributes
                0x0000044f       0x2d c:/program files (x86)/cypress/psoc creator/4.4/psoc creator/import/gnu/arm/5.4.1/bin/../lib/gcc/arm-none-eabi/5.4.1/../../../../arm-none-eabi/lib/armv7-m\libg_nano.a(lib_a-errno.o)
 .ARM.attributes
                0x0000047c       0x2d c:/program files (x86)/cypress/psoc creator/4.4/psoc creator/import/gnu/arm/5.4.1/bin/../lib/gcc/arm-none-eabi/5.4.1/../../../../arm-none-eabi/lib/armv7-m\libg_nano.a(lib_a-exit.o)
 .ARM.attributes
                0x000004a9       0x2d c:/program files (x86)/cypress/psoc creator/4.4/psoc creator/import/gnu/arm/5.4.1/bin/../lib/gcc/arm-none-eabi/5.4.1/../../../../arm-none-eabi/lib/armv7-m\libg_nano.a(lib_a-impure.o)
 .ARM.attributes
                0x000004d6       0x2d c:/program files (x86)/cypress/psoc creator/4.4/psoc creator/import/gnu/arm/5.4.1/bin/../lib/gcc/arm-none-eabi/5.4.1/../../../../arm-none-eabi/lib/armv7-m\libg_nano.a(lib_a-init.o)
 .ARM.attributes
                0x00000503       0x2d c:/program files (x86)/cypress/psoc creator/4.4/psoc creator/import/gnu/arm/5.4.1/bin/../lib/gcc/arm-none-eabi/5.4.1/../../../../arm-none-eabi/lib/armv7-m\libg_nano.a(lib_a-memcpy-stub.o)
 .ARM.attributes
                0x00000530       0x2d c:/program files (x86)/cypress/psoc creator/4.4/psoc creator/import/gnu/arm/5.4.1/bin/../lib/gcc/arm-none-eabi/5.4.1/../../../../arm-none-eabi/lib/armv7-m\libg_nano.a(lib_a-memset.o)
 .ARM.attributes
                0x0000055d       0x2d c:/program files (x86)/cypress/psoc creator/4.4/psoc creator/import/gnu/arm/5.4.1/bin/../lib/gcc/arm-none-eabi/5.4.1/../../../../arm-none-eabi/lib/armv7-m\libg_nano.a(lib_a-sprintf.o)
 .ARM.attributes
                0x0000058a       0x17 c:/program files (x86)/cypress/psoc creator/4.4/psoc creator/import/gnu/arm/5.4.1/bin/../lib/gcc/arm-none-eabi/5.4.1/../../../../arm-none-eabi/lib/armv7-m\libg_nano.a(lib_a-strlen.o)
 .ARM.attributes
                0x000005a1       0x2d c:/program files (x86)/cypress/psoc creator/4.4/psoc creator/import/gnu/arm/5.4.1/bin/../lib/gcc/arm-none-eabi/5.4.1/../../../../arm-none-eabi/lib/armv7-m\libg_nano.a(lib_a-nano-svfprintf.o)
 .ARM.attributes
                0x000005ce       0x2d c:/program files (x86)/cypress/psoc creator/4.4/psoc creator/import/gnu/arm/5.4.1/bin/../lib/gcc/arm-none-eabi/5.4.1/../../../../arm-none-eabi/lib/armv7-m\libg_nano.a(lib_a-nano-vfprintf_i.o)
 .ARM.attributes
                0x000005fb       0x2d c:/program files (x86)/cypress/psoc creator/4.4/psoc creator/import/gnu/arm/5.4.1/bin/../lib/gcc/arm-none-eabi/5.4.1/../../../../arm-none-eabi/lib/armv7-m\libg_nano.a(lib_a-memchr-stub.o)
 .ARM.attributes
                0x00000628       0x2d c:/program files (x86)/cypress/psoc creator/4.4/psoc creator/import/gnu/arm/5.4.1/bin/../lib/gcc/arm-none-eabi/5.4.1/../../../../arm-none-eabi/lib/armv7-m\libg_nano.a(lib_a-memmove.o)
 .ARM.attributes
                0x00000655       0x2d c:/program files (x86)/cypress/psoc creator/4.4/psoc creator/import/gnu/arm/5.4.1/bin/../lib/gcc/arm-none-eabi/5.4.1/../../../../arm-none-eabi/lib/armv7-m\libg_nano.a(lib_a-nano-freer.o)
 .ARM.attributes
                0x00000682       0x2d c:/program files (x86)/cypress/psoc creator/4.4/psoc creator/import/gnu/arm/5.4.1/bin/../lib/gcc/arm-none-eabi/5.4.1/../../../../arm-none-eabi/lib/armv7-m\libg_nano.a(lib_a-nano-mallocr.o)
 .ARM.attributes
                0x000006af       0x2d c:/program files (x86)/cypress/psoc creator/4.4/psoc creator/import/gnu/arm/5.4.1/bin/../lib/gcc/arm-none-eabi/5.4.1/../../../../arm-none-eabi/lib/armv7-m\libg_nano.a(lib_a-nano-reallocr.o)
 .ARM.attributes
                0x000006dc       0x2d c:/program files (x86)/cypress/psoc creator/4.4/psoc creator/import/gnu/arm/5.4.1/bin/../lib/gcc/arm-none-eabi/5.4.1/../../../../arm-none-eabi/lib/armv7-m\libg_nano.a(lib_a-sbrkr.o)
 .ARM.attributes
                0x00000709       0x2d c:/program files (x86)/cypress/psoc creator/4.4/psoc creator/import/gnu/arm/5.4.1/bin/../lib/gcc/arm-none-eabi/5.4.1/../../../../arm-none-eabi/lib/armv7-m\libg_nano.a(lib_a-mlock.o)
 .ARM.attributes
                0x00000736       0x2d c:/program files (x86)/cypress/psoc creator/4.4/psoc creator/import/gnu/arm/5.4.1/bin/../lib/gcc/arm-none-eabi/5.4.1/../../../../arm-none-eabi/lib/armv7-m\libg_nano.a(lib_a-nano-msizer.o)
 .ARM.attributes
                0x00000763       0x2d c:/program files (x86)/cypress/psoc creator/4.4/psoc creator/import/gnu/arm/5.4.1/bin/../lib/gcc/arm-none-eabi/5.4.1/../../../../arm-none-eabi/lib/armv7-m\libg_nano.a(lib_a-reent.o)
 .ARM.attributes
                0x00000790       0x2d c:/program files (x86)/cypress/psoc creator/4.4/psoc creator/import/gnu/arm/5.4.1/bin/../lib/gcc/arm-none-eabi/5.4.1/armv7-m/crtend.o
 .ARM.attributes
                0x000007bd       0x1d c:/program files (x86)/cypress/psoc creator/4.4/psoc creator/import/gnu/arm/5.4.1/bin/../lib/gcc/arm-none-eabi/5.4.1/armv7-m/crtn.o

/DISCARD/
 *(.note.GNU-stack)
OUTPUT(C:\Users\nicoz\OneDrive - HTL Anichstrasse\Dokumente\Schule\Werkstaette\SJ2024_25\PsoC_Z80Board\PSoC_Program\PSoC_Z80_Toolbox\BusAnalyzer.cydsn\CortexM3\ARM_GCC_541\Debug\BusAnalyzer.elf elf32-littlearm)
